// Jest Snapshot v1, https://goo.gl/fbAQLP

exports[`ProductTitle should show a product image 1`] = `
<div
  className="productCard undefined"
>
  <img
    alt="Product"
    className="productImg undefined"
    src="./coffee-mug.png"
  />
</div>
`;

exports[`ProductTitle should show not image component 1`] = `
<img
  alt="Product"
  className="productImg test-class"
  src="https://test.com"
/>
`;
